// Vitest Snapshot v1, https://vitest.dev/guide/snapshot.html

exports[`css > atRuleTitles 1`] = `
[
  "@font-face",
  "@import",
  "@keyframes",
  "@media",
  "@media (-webkit-device-pixel-ratio)",
  "@media (hover), @media (any-hover)",
  "@media (orientation)",
  "@media (prefers-color-scheme)",
  "@media (prefers-reduced-motion)",
  "@supports",
]
`;

exports[`css > functionTitles 1`] = `
[
  "CSS Variables (Custom Properties)",
  "CSS calc() function",
  "clamp()",
  "conic-gradient()",
  "lang()",
  "lch(), oklch(), lab(), oklab()",
  "light-dark()",
  "linear-gradient()",
  "max()",
  "min()",
  "radial-gradient()",
  "rgb()",
  "rgba()",
]
`;

exports[`css > keywordTitles 1`] = `
[
  "!important keyword",
]
`;

exports[`css > propertyTitles 1`] = `
[
  "accent-color",
  "align-items",
  "animation",
  "aspect-ratio",
  "backdrop-filter",
  "background",
  "background-blend-mode",
  "background-clip",
  "background-color",
  "background-image",
  "background-origin",
  "background-position",
  "background-repeat",
  "background-size",
  "border",
  "border-collapse",
  "border-image",
  "border-radius",
  "border-spacing",
  "box-shadow",
  "box-sizing",
  "caption-side",
  "clip-path",
  "column-count",
  "direction",
  "display",
  "empty-cells",
  "filter",
  "float",
  "font shorthand",
  "font-kerning",
  "font-size",
  "font-stretch",
  "font-weight",
  "height property",
  "hyphenate-character",
  "hyphenate-limit-chars",
  "hyphens",
  "inline-size ",
  "inset",
  "justify-content",
  "left, right, top, bottom",
  "letter-spacing",
  "line-height",
  "list-style",
  "list-style-image",
  "list-style-position",
  "list-style-type",
  "margin",
  "max-block-size",
  "max-height property",
  "max-inline-size",
  "max-width",
  "min-block-size",
  "min-height property",
  "min-inline-size",
  "min-width property",
  "mix-blend-mode",
  "object-fit",
  "object-position",
  "opacity",
  "orphans",
  "outline",
  "outline-offset",
  "overflow",
  "overflow-wrap",
  "padding",
  "position",
  "resize",
  "scroll-snap",
  "shape-margin",
  "shape-outside",
  "tab-size",
  "table-layout",
  "text-align",
  "text-align-last",
  "text-decoration",
  "text-decoration-color",
  "text-decoration-line",
  "text-decoration-skip-ink",
  "text-decoration-style",
  "text-decoration-thickness",
  "text-emphasis",
  "text-emphasis-position",
  "text-indent",
  "text-justify",
  "text-orientation",
  "text-overflow",
  "text-shadow",
  "text-transform",
  "text-underline-offset",
  "text-underline-position",
  "text-wrap",
  "transform",
  "transition",
  "user-select",
  "vertical-align",
  "visibility",
  "white-space",
  "white-space-collapse",
  "widows",
  "width property",
  "word-break",
  "word-spacing",
  "writing-mode",
  "z-index",
]
`;

exports[`css > propertyValuePairTitles 1`] = `
[
  "display:flex",
  "display:grid",
  "display:none",
  "flex-direction:column",
  "flex-wrap: wrap",
]
`;

exports[`css > psuedoSelectorTitles 1`] = `
[
  "::after",
  "::before",
  "::first-letter",
  "::first-line",
  "::marker",
  "::placeholder",
  ":active",
  ":checked",
  ":first-child",
  ":first-of-type",
  ":focus",
  ":has()",
  ":hover",
  ":last-child",
  ":last-of-type",
  ":link",
  ":not",
  ":nth-child",
  ":nth-last-child",
  ":nth-last-of-type",
  ":nth-of-type",
  ":only-child",
  ":only-of-type",
  ":target",
  ":visited",
]
`;

exports[`css > selectorTitles 1`] = `
[
  "Adjacent sibling combinator",
  "Attribute selector",
  "Chaining selectors",
  "Child combinator",
  "Class selector",
  "Descendant combinator",
  "General sibling combinator",
  "Grouping selectors",
  "ID selector",
  "Type selector",
  "Universal selector *",
]
`;

exports[`css > unitTitles 1`] = `
[
  "% unit",
  "ch unit",
  "cm unit",
  "em unit",
  "ex unit",
  "in unit",
  "initial unit",
  "mm unit",
  "pc unit",
  "pt unit",
  "px unit",
  "rem unit",
  "vh unit",
  "vmax unit",
  "vmin unit",
  "vw unit",
]
`;

exports[`html > attributeTitles 1`] = `
[
  "align attribute",
  "aria-describedby attribute",
  "aria-hidden attribute",
  "aria-label attribute",
  "aria-labelledby attribute",
  "aria-live attribute",
  "background attribute",
  "cellpadding attribute",
  "cellspacing attribute",
  "dir attribute",
  "height attribute",
  "hidden attribute",
  "lang attribute",
  "loading attribute",
  "popover attribute",
  "required attribute",
  "role attribute",
  "srcset and sizes attributes",
  "target attribute",
  "valign attribute",
  "width attribute",
]
`;

exports[`html > elementAttributePairTitles 1`] = `
[
  "<button type="reset"> element",
  "<button type="submit"> element",
  "<input type="checkbox"> element",
  "<input type="hidden"> element",
  "<input type="radio"> element",
  "<input type="reset"> element",
  "<input type="submit"> element",
  "<input type="text"> element",
  "Local anchors",
  "mailto: links",
]
`;

exports[`html > elementTitles 1`] = `
[
  "<abbr> element",
  "<acronym> element",
  "<audio> element",
  "<base>",
  "<bdi> element",
  "<blockquote> element",
  "<body> element",
  "<code> element",
  "<del> element",
  "<dfn> element",
  "<dialog> element",
  "<div> element",
  "<form> element",
  "<h1> to <h6> elements",
  "<hr> element",
  "<img> element",
  "<link> element",
  "<marquee> element",
  "<meter> element",
  "<object> element",
  "<p> element",
  "<picture> element",
  "<pre> element",
  "<progress> element",
  "<rp> element",
  "<rt> element",
  "<ruby> element",
  "<select> element",
  "<small> element",
  "<span> element",
  "<strike> element",
  "<strong> element",
  "<style> element",
  "<table> element",
  "<textarea> element",
  "<ul>, <ol> and <dl>",
  "<video> element",
  "<wbr> element",
  "Embedded <svg> image",
  "HTML5 doctype",
  "HTML5 semantics",
  "Image maps",
  "address",
]
`;
